// Jest Snapshot v1, https://goo.gl/fbAQLP

exports[`App component renders as expected 1`] = `
Object {
  "asFragment": [Function],
  "baseElement": <body>
    <div>
      <main>
        <div>
          <h1>
            Top-10 Crypto Currencies
          </h1>
          <nav>
            <form>
              <input
                placeholder="Search by Rank"
                type="text"
              />
              <button
                type="submit"
              >
                Search
              </button>
            </form>
            <ul>
              <li>
                <a
                  class="link"
                  href="/1"
                >
                  #1 testCoin
                </a>
              </li>
              <li>
                <a
                  class="link"
                  href="/2"
                >
                  #2 subCoin
                </a>
              </li>
              <li>
                <a
                  class="link"
                  href="/3"
                >
                  #3 miniCoin
                </a>
              </li>
            </ul>
          </nav>
        </div>
      </main>
    </div>
  </body>,
  "container": <div>
    <main>
      <div>
        <h1>
          Top-10 Crypto Currencies
        </h1>
        <nav>
          <form>
            <input
              placeholder="Search by Rank"
              type="text"
            />
            <button
              type="submit"
            >
              Search
            </button>
          </form>
          <ul>
            <li>
              <a
                class="link"
                href="/1"
              >
                #1 testCoin
              </a>
            </li>
            <li>
              <a
                class="link"
                href="/2"
              >
                #2 subCoin
              </a>
            </li>
            <li>
              <a
                class="link"
                href="/3"
              >
                #3 miniCoin
              </a>
            </li>
          </ul>
        </nav>
      </div>
    </main>
  </div>,
  "debug": [Function],
  "findAllByAltText": [Function],
  "findAllByDisplayValue": [Function],
  "findAllByLabelText": [Function],
  "findAllByPlaceholderText": [Function],
  "findAllByRole": [Function],
  "findAllByTestId": [Function],
  "findAllByText": [Function],
  "findAllByTitle": [Function],
  "findByAltText": [Function],
  "findByDisplayValue": [Function],
  "findByLabelText": [Function],
  "findByPlaceholderText": [Function],
  "findByRole": [Function],
  "findByTestId": [Function],
  "findByText": [Function],
  "findByTitle": [Function],
  "getAllByAltText": [Function],
  "getAllByDisplayValue": [Function],
  "getAllByLabelText": [Function],
  "getAllByPlaceholderText": [Function],
  "getAllByRole": [Function],
  "getAllByTestId": [Function],
  "getAllByText": [Function],
  "getAllByTitle": [Function],
  "getByAltText": [Function],
  "getByDisplayValue": [Function],
  "getByLabelText": [Function],
  "getByPlaceholderText": [Function],
  "getByRole": [Function],
  "getByTestId": [Function],
  "getByText": [Function],
  "getByTitle": [Function],
  "queryAllByAltText": [Function],
  "queryAllByDisplayValue": [Function],
  "queryAllByLabelText": [Function],
  "queryAllByPlaceholderText": [Function],
  "queryAllByRole": [Function],
  "queryAllByTestId": [Function],
  "queryAllByText": [Function],
  "queryAllByTitle": [Function],
  "queryByAltText": [Function],
  "queryByDisplayValue": [Function],
  "queryByLabelText": [Function],
  "queryByPlaceholderText": [Function],
  "queryByRole": [Function],
  "queryByTestId": [Function],
  "queryByText": [Function],
  "queryByTitle": [Function],
  "rerender": [Function],
  "unmount": [Function],
}
`;
